
Final scoring of profile c7de24295a4b:
  train      loss +5.70175 | cuts 770 (0.0607/region) | overlaps 0 | tall 0 | slivers 0 | match 0.929 | coverage 0.7788 | 12685 regions
  held-out   loss +7.37084 | cuts 320 (0.0749/region) | overlaps 0 | tall 0 | slivers 0 | match 0.9545 | coverage 0.6278 | 4275 regions

  against the shipped defaults:
  train d    loss +5.86897 | cuts 782 (0.0616/region) | overlaps 0 | tall 0 | slivers 0 | match 0.9262 | coverage 0.7788 | 12685 regions
  held d     loss +7.49712 | cuts 320 (0.0749/region) | overlaps 0 | tall 0 | slivers 0 | match 0.95 | coverage 0.6278 | 4275 regions

  Training split:
    cuts      782 -> 770 (-12)
    overlaps  0 -> 0 (+0)
    tall      0 -> 0 (+0)
    slivers   0 -> 0 (+0)
    match     0.9262 -> 0.929
    coverage  0.7788 -> 0.7788
    regions   12685 -> 12685 (+0)
    per book   coverage            match               regions
      09f62a7e  0.658 -> 0.658 (+0.000)  1.000 -> 1.000 (+0.000)    440 ->   440
      0a3fbb41  0.747 -> 0.747 (+0.000)  0.895 -> 0.895 (+0.000)    717 ->   717
      0e966773  0.697 -> 0.697 (+0.000)  0.976 -> 0.982 (+0.006)    529 ->   529
      1903e365  0.617 -> 0.617 (+0.000)  1.000 -> 1.000 (+0.000)    563 ->   563
      1cc573f6  0.841 -> 0.841 (+0.000)  0.875 -> 0.875 (+0.000)    606 ->   606
      3d372038  0.792 -> 0.792 (+0.000)  0.955 -> 0.955 (+0.000)    370 ->   370
      4442fde4  0.891 -> 0.891 (+0.000)  no manifest                 789 ->   789
      550e601a  0.548 -> 0.548 (+0.000)  0.898 -> 0.918 (+0.020)    174 ->   174
      66098271  0.801 -> 0.801 (+0.000)  0.857 -> 0.857 (+0.000)    899 ->   899
      753fcdb0  0.939 -> 0.939 (+0.000)  0.802 -> 0.802 (+0.000)   1907 ->  1907
      7763e45b  0.567 -> 0.567 (+0.000)  1.000 -> 1.000 (+0.000)    431 ->   431
      93bf209f  0.770 -> 0.770 (+0.000)  1.000 -> 1.000 (+0.000)    433 ->   433
      a0e5ed1a  0.930 -> 0.930 (+0.000)  0.851 -> 0.851 (+0.000)   2011 ->  2011
      ad3f3275  0.056 -> 0.056 (+0.000)  1.000 -> 1.000 (+0.000)      5 ->     5
      afec0d89  0.842 -> 0.842 (+0.000)  0.929 -> 0.929 (+0.000)    636 ->   636
      d13a75d3  0.737 -> 0.737 (+0.000)  1.000 -> 1.000 (+0.000)    480 ->   480
      d6dd5587  0.796 -> 0.796 (+0.000)  1.000 -> 1.000 (+0.000)    838 ->   838
      df1e313c  0.865 -> 0.865 (+0.000)  0.966 -> 0.966 (+0.000)    857 ->   857
    gates     no book lost more than the coverage or region allowance

  Held-out split:
    cuts      320 -> 320 (+0)
    overlaps  0 -> 0 (+0)
    tall      0 -> 0 (+0)
    slivers   0 -> 0 (+0)
    match     0.95 -> 0.9545
    coverage  0.6278 -> 0.6278
    regions   4275 -> 4275 (+0)
    per book   coverage            match               regions
      11941059  0.826 -> 0.826 (+0.000)  0.970 -> 0.970 (+0.000)    367 ->   367
      3a4479c7  0.691 -> 0.691 (+0.000)  no manifest                 571 ->   571
      51cdbbce  0.911 -> 0.911 (+0.000)  0.868 -> 0.868 (+0.000)   1290 ->  1290
      6e4f65dc  0.154 -> 0.154 (+0.000)  1.000 -> 1.000 (+0.000)     78 ->    78
      79cbecfa  0.592 -> 0.592 (+0.000)  0.875 -> 0.875 (+0.000)    485 ->   485
      7fad03e9  0.632 -> 0.632 (+0.000)  1.000 -> 1.000 (+0.000)    614 ->   614
      a7a7886a  0.031 -> 0.031 (+0.000)  1.000 -> 1.000 (+0.000)      4 ->     4
      c9f63718  0.577 -> 0.577 (+0.000)  0.963 -> 1.000 (+0.037)    179 ->   179
      cb558332  0.813 -> 0.813 (+0.000)  0.897 -> 0.897 (+0.000)    687 ->   687
    gates     no book lost more than the coverage or region allowance
